| tst.js:56:18:56:40 | onClick ... bound1} | The receiver of this event handler call is unbound, `$@` will be `undefined` in the call to $@ | tst.js:14:9:14:12 | this | this | tst.js:13:5:15:5 | unbound ... ;\\n    } | unbound1 |
| tst.js:57:18:57:40 | onClick ... bound2} | The receiver of this event handler call is unbound, `$@` will be `undefined` in the call to $@ | tst.js:18:15:18:18 | this | this | tst.js:17:5:19:5 | unbound ... ;\\n    } | unbound2 |
| tst.js:58:18:58:35 | onClick={unbound3} | The receiver of this event handler call is unbound, `$@` will be `undefined` in the call to $@ | tst.js:22:15:22:18 | this | this | tst.js:21:5:23:5 | unbound ... ;\\n    } | unbound3 |
