| HardcodedCredentials.cs:56:48:56:63 | "Password=12345" | 'ConnectionString' property includes hard-coded credentials set in $@. | HardcodedCredentials.cs:56:30:56:64 | object creation of type SqlConnection | object creation of type SqlConnection |
| HardcodedCredentials.cs:58:49:58:63 | "User Id=12345" | 'ConnectionString' property includes hard-coded credentials set in $@. | HardcodedCredentials.cs:58:31:58:64 | object creation of type SqlConnection | object creation of type SqlConnection |
