| src/http.js:18:22:18:27 | "auth" | credentials |
| src/https.js:18:23:18:28 | "auth" | credentials |
