| async.cs:11:29:11:32 | Main |  | private |
| async.cs:11:29:11:32 | Main |  | static |
| async.cs:22:35:22:57 | PrintContentLengthAsync |  | async |
| async.cs:22:35:22:57 | PrintContentLengthAsync |  | private |
| async.cs:22:35:22:57 | PrintContentLengthAsync |  | static |
| async.cs:28:40:28:57 | ContentLengthAsync |  | async |
| async.cs:28:40:28:57 | ContentLengthAsync |  | private |
| async.cs:28:40:28:57 | ContentLengthAsync |  | static |
| async.cs:38:35:38:47 | AsyncIterator |  | async |
| async.cs:38:35:38:47 | AsyncIterator |  | private |
| async.cs:38:35:38:47 | AsyncIterator |  | static |
| async.cs:50:49:50:57 | OpenAsync |  | async |
| async.cs:50:49:50:57 | OpenAsync |  | private |
| async.cs:50:49:50:57 | OpenAsync |  | static |
