| src/express.js:22:30:32:1 | functio ... ar');\\n} | src/express.js:23:3:23:10 | req.body |
