| arrowfns.js:1:24:1:36 | s => s.length | arrowfns.js:1:1:1:38 | ["a", " ... ength); |
| arrowfns.js:2:13:2:23 | () => ++cnt | arrowfns.js:2:1:2:31 | setInte ...  1000); |
| arrowfns.js:3:12:3:41 | () => { ... "); ; } | arrowfns.js:3:1:3:50 | setTime ... 60000); |
| defaultargs.js:1:1:1:24 | functio ... +19) {} | defaultargs.js:1:1:1:24 | functio ... +19) {} |
| exprclosures.js:1:7:1:21 | function(x) x+1 | exprclosures.js:1:1:1:23 | a.map(f ... ) x+1); |
| generators.js:1:1:4:1 | functio ...  i++;\\n} | generators.js:1:1:4:1 | functio ...  i++;\\n} |
| generators.js:6:2:6:19 | function* bar() {} | generators.js:6:1:6:23 | (functi ...  {})(); |
| restparms.js:1:1:2:1 | functio ... ys) {\\n} | restparms.js:1:1:2:1 | functio ... ys) {\\n} |
| tst.js:1:1:1:15 | function A() {} | tst.js:1:1:1:15 | function A() {} |
| tst.js:2:1:2:16 | function B(x) {} | tst.js:2:1:2:16 | function B(x) {} |
| tst.js:3:1:3:19 | function C(x, y) {} | tst.js:3:1:3:19 | function C(x, y) {} |
| tst.js:4:9:4:21 | function() {} | tst.js:4:1:4:22 | var f = ... n() {}; |
| tst.js:5:2:5:15 | function(x) {} | tst.js:5:1:5:16 | !function(x) {}; |
| tst.js:6:2:6:18 | function(x, y) {} | tst.js:6:1:6:20 | (function(x, y) {}); |
| tst.js:7:9:7:23 | function h() {} | tst.js:7:1:7:24 | var g = ... h() {}; |
| tst.js:9:1:9:24 | functio ... nts) {} | tst.js:9:1:9:24 | functio ... nts) {} |
| tst.js:10:1:10:31 | functio ... ents; } | tst.js:10:1:10:31 | functio ... ents; } |
| tst.js:11:1:11:35 | functio ... ts; } } | tst.js:11:1:11:35 | functio ... ts; } } |
| tst.js:12:1:12:44 | functio ... s) {} } | tst.js:12:1:12:44 | functio ... s) {} } |
| tst.js:14:1:14:37 | functio ... s[0]; } | tst.js:14:1:14:37 | functio ... s[0]; } |
