| es6.js:14:1:20:1 | class H ...     }\\n} | es6.js:16:9:16:18 | this.state |
| es6.js:14:1:20:1 | class H ...     }\\n} | es6.js:17:9:17:18 | this.state |
| es6.js:14:1:20:1 | class H ...     }\\n} | es6.js:18:9:18:18 | this.state |
| preact.js:1:1:7:1 | class H ...     }\\n} | preact.js:2:19:2:23 | state |
| statePropertyReads.js:1:1:13:1 | class R ...     }\\n} | statePropertyReads.js:3:9:3:18 | this.state |
| statePropertyReads.js:1:1:13:1 | class R ...     }\\n} | statePropertyReads.js:5:9:5:18 | this.state |
| statePropertyWrites.js:1:1:34:1 | class W ...    };\\n} | statePropertyWrites.js:4:9:4:17 | cmp.state |
| statePropertyWrites.js:1:1:34:1 | class W ...    };\\n} | statePropertyWrites.js:6:9:6:17 | cmp.state |
| statePropertyWrites.js:1:1:34:1 | class W ...    };\\n} | statePropertyWrites.js:10:9:10:17 | cmp.state |
| thisAccesses.js:47:1:52:1 | class C ...     }\\n} | thisAccesses.js:49:9:49:18 | this.state |
| thisAccesses.js:47:1:52:1 | class C ...     }\\n} | thisAccesses.js:50:9:50:18 | this.state |
