| b.js:5:10:5:15 | f as g | b.js:5:10:5:10 | f | b.js:5:15:5:15 | g |
| e.js:2:10:2:10 | x | e.js:2:10:2:10 | x | e.js:2:10:2:10 | x |
| e.js:2:13:2:13 | y | e.js:2:13:2:13 | y | e.js:2:13:2:13 | y |
| e.js:3:10:3:21 | default as g | e.js:3:10:3:16 | default | e.js:3:21:3:21 | g |
| m/c.js:5:10:5:15 | g as h | m/c.js:5:10:5:10 | g | m/c.js:5:15:5:15 | h |
