| b.js | a.js |
| d.js | a.js |
| d.js | b.js |
| es2015_require.js | d.js |
| f.ts | e.js |
| g.ts | f.ts |
| m/c.js | b.js |
