| d.js:1:10:1:21 | default as g |
| d.js:1:24:1:29 | x as y |
| g.ts:1:9:1:11 | foo |
