| A.cs:3:7:3:7 | C |
| A.cs:9:7:9:7 | E |
| B.cs:9:7:9:7 | D |
