| Test.java:33:5:33:48 | addCookie(...) | Cookie $@ containing $@ is stored here. Data was added $@. | Test.java:33:24:33:47 | new Cookie(...) | new Cookie(...) | Test.java:31:46:31:70 | getPassword(...) | sensitive data | Test.java:33:43:33:46 | data | here |
| Test.java:41:5:41:48 | addCookie(...) | Cookie $@ containing $@ is stored here. Data was added $@. | Test.java:41:24:41:47 | new Cookie(...) | new Cookie(...) | Test.java:38:12:38:36 | getProperty(...) | sensitive data | Test.java:41:43:41:46 | data | here |
| Test.java:103:5:103:48 | addCookie(...) | Cookie $@ containing $@ is stored here. Data was added $@. | Test.java:103:24:103:47 | new Cookie(...) | new Cookie(...) | Test.java:100:12:100:30 | isPasswordChecked(...) | sensitive data | Test.java:103:43:103:46 | data | here |
