| tst.js:3:1:3:15 | function f() {} | tst.js:6:5:6:19 | function f() {} |
| tst.js:6:5:6:19 | function f() {} | tst.js:3:1:3:15 | function f() {} |
