| builtinRedefined.js:1:1:1:4 | eval | Redefinition of eval. |
| builtinRedefined.js:2:3:2:6 | eval | Redefinition of eval. |
| builtinRedefined.js:3:5:3:8 | eval | Redefinition of eval. |
| builtinRedefined.js:4:12:4:15 | eval | Redefinition of eval. |
| builtinRedefined.js:5:18:5:21 | eval | Redefinition of eval. |
| builtinRedefined.js:8:1:8:6 | Object | Redefinition of Object. |
| builtinRedefined.js:10:12:10:20 | undefined | Redefinition of undefined. |