| Modifiers.cs:4:18:4:18 | C |  | internal |
| Modifiers.cs:4:18:4:18 | C |  | unsafe |
| Modifiers.cs:7:9:7:9 | C |  | private |
| Modifiers.cs:9:16:9:16 | C |  | public |
| Modifiers.cs:12:14:12:15 | M1 |  | private |
| Modifiers.cs:14:22:14:23 | M2 |  | private |
| Modifiers.cs:16:24:16:25 | M3 |  | protected |
| Modifiers.cs:18:35:18:36 | M4 |  | extern |
| Modifiers.cs:18:35:18:36 | M4 |  | public |
| Modifiers.cs:18:35:18:36 | M4 |  | static |
| Modifiers.cs:21:20:21:21 | M5 |  | async |
| Modifiers.cs:21:20:21:21 | M5 |  | private |
| Modifiers.cs:24:22:24:23 | C1 |  | private |
| Modifiers.cs:24:22:24:23 | C1 |  | sealed |
| Modifiers.cs:26:20:26:21 | C1 |  | public |
| Modifiers.cs:29:34:29:35 | C2 |  | abstract |
| Modifiers.cs:29:34:29:35 | C2 |  | protected |
| Modifiers.cs:31:23:31:24 | C2 |  | protected |
| Modifiers.cs:33:22:33:23 | M2 |  | new |
| Modifiers.cs:33:22:33:23 | M2 |  | private |
| Modifiers.cs:35:34:35:35 | M6 |  | abstract |
| Modifiers.cs:35:34:35:35 | M6 |  | public |
| Modifiers.cs:38:32:38:33 | C3 |  | internal |
| Modifiers.cs:38:32:38:33 | C3 |  | partial |
| Modifiers.cs:41:20:41:21 | F1 |  | private |
| Modifiers.cs:41:20:41:21 | F1 |  | static |
| Modifiers.cs:43:26:43:27 | F2 |  | const |
| Modifiers.cs:43:26:43:27 | F2 |  | public |
| Modifiers.cs:43:26:43:27 | F2 |  | static |
| Modifiers.cs:45:41:45:42 | F3 |  | internal |
| Modifiers.cs:45:41:45:42 | F3 |  | protected |
| Modifiers.cs:45:41:45:42 | F3 |  | readonly |
| Modifiers.cs:47:30:47:31 | F4 |  | private |
| Modifiers.cs:47:30:47:31 | F4 |  | volatile |
| Modifiers.cs:50:24:50:24 | I |  | internal |
| Modifiers.cs:52:19:52:19 | S |  | public |
| Modifiers.cs:52:19:52:19 | S |  | sealed |
| Modifiers.cs:54:20:54:21 | P1 |  | public |
| Modifiers.cs:54:36:54:38 | get_P1 |  | public |
| Modifiers.cs:54:52:54:54 | set_P1 |  | public |
| Modifiers.cs:55:20:55:21 | P2 |  | public |
| Modifiers.cs:55:36:55:38 | get_P2 |  | public |
| Modifiers.cs:55:49:55:51 | set_P2 |  | private |
| Modifiers.cs:57:13:57:14 | P3 |  | private |
| Modifiers.cs:57:30:57:32 | get_P3 |  | private |
| Modifiers.cs:57:47:57:49 | set_P3 |  | private |
