| SuspiciousPropAccess.js:4:10:4:21 | result.value | The base expression of this property access is always undefined. |
| tst.ts:19:3:19:5 | x.p | The base expression of this property access is always undefined. |
| typeassertion.ts:14:3:14:9 | z.field | The base expression of this property access is always null. |
