| CSharp7.cs:258:13:258:36 | case Int32 i2: | CSharp7.cs:258:18:258:23 | Int32 i2 | CSharp7.cs:258:18:258:20 | access to type Int32 | Int32 | false |
| CSharp7.cs:261:13:261:24 | case Int32 i3: | CSharp7.cs:261:18:261:23 | Int32 i3 | CSharp7.cs:261:18:261:20 | access to type Int32 | Int32 | false |
| CSharp7.cs:264:13:264:27 | case String s2: | CSharp7.cs:264:18:264:26 | String s2 | CSharp7.cs:264:18:264:23 | access to type String | String | false |
| CSharp7.cs:270:13:270:24 | case Object v2: | CSharp7.cs:270:18:270:23 | Object v2 | CSharp7.cs:270:18:270:20 | access to type Object | Object | true |
