| test.py:18 | b | externally controlled string |
| test.py:22 | a | externally controlled string |
| test.py:22 | b | externally controlled string |
