| ResponseSplitting.java:23:23:23:28 | cookie | Response-splitting vulnerability due to this $@. | ResponseSplitting.java:22:39:22:66 | getParameter(...) | user-provided value |
| ResponseSplitting.java:28:38:28:72 | getParameter(...) | Response-splitting vulnerability due to this $@. | ResponseSplitting.java:28:38:28:72 | getParameter(...) | user-provided value |
| ResponseSplitting.java:29:38:29:72 | getParameter(...) | Response-splitting vulnerability due to this $@. | ResponseSplitting.java:29:38:29:72 | getParameter(...) | user-provided value |
