test_FieldInits
| fields.js:3:3:3:8 | y = 42 | fields.js:3:7:3:8 | 42 |
test_ComputedMethods
| tst.js:3:3:3:56 | ["const ... r. */ } |
| tst.js:13:3:13:10 | [m]() {} |
test_StaticMethods
| points.js:15:3:17:3 | static  ... t";\\n  } |
| points.js:30:3:32:3 | static  ... t";\\n  } |
| staticConstructor.js:2:3:2:59 | static  ... tor"; } |
test_ClassDefinition_getSuperClass
| points.js:20:1:33:1 | class C ... ;\\n  }\\n} | points.js:20:29:20:33 | Point |
| tst.js:6:1:8:1 | class B ... t); }\\n} | tst.js:6:17:6:17 | A |
test_ClassNodeStaticMethod
| points.js:1:1:18:1 | class P ... ;\\n  }\\n} | className | points.js:15:19:17:3 | () {\\n   ... t";\\n  } |
| points.js:20:1:33:1 | class C ... ;\\n  }\\n} | className | points.js:30:19:32:3 | () {\\n   ... t";\\n  } |
| staticConstructor.js:1:1:3:1 | class M ... r"; }\\n} | constructor | staticConstructor.js:2:21:2:59 | () { re ... tor"; } |
test_ClassDefinitions
| fields.js:1:1:4:1 | class C ...  = 42\\n} |
| points.js:1:1:18:1 | class P ... ;\\n  }\\n} |
| points.js:20:1:33:1 | class C ... ;\\n  }\\n} |
| staticConstructor.js:1:1:3:1 | class M ... r"; }\\n} |
| tst.js:1:9:4:1 | class { ...  */ }\\n} |
| tst.js:6:1:8:1 | class B ... t); }\\n} |
| tst.js:11:1:14:1 | class C ... () {}\\n} |
test_AccessorMethods
| points.js:7:3:9:3 | get dis ... y);\\n  } |
test_Fields
| fields.js:2:3:2:4 | x; | fields.js:2:3:2:3 | x |
| fields.js:3:3:3:8 | y = 42 | fields.js:3:3:3:3 | y |
test_ClassDefinition_getName
| fields.js:1:1:4:1 | class C ...  = 42\\n} | C |
| points.js:1:1:18:1 | class P ... ;\\n  }\\n} | Point |
| points.js:20:1:33:1 | class C ... ;\\n  }\\n} | ColouredPoint |
| staticConstructor.js:1:1:3:1 | class M ... r"; }\\n} | MyClass |
| tst.js:1:9:4:1 | class { ...  */ }\\n} | A |
| tst.js:6:1:8:1 | class B ... t); }\\n} | B |
| tst.js:11:1:14:1 | class C ... () {}\\n} | C |
test_MethodDefinitions
| fields.js:1:9:1:8 | constructor() {} | fields.js:1:9:1:8 | constructor | fields.js:1:9:1:8 | () {} | fields.js:1:1:4:1 | class C ...  = 42\\n} |
| points.js:2:3:5:3 | constru ...  y;\\n  } | points.js:2:3:2:13 | constructor | points.js:2:14:5:3 | (x, y)  ...  y;\\n  } | points.js:1:1:18:1 | class P ... ;\\n  }\\n} |
| points.js:7:3:9:3 | get dis ... y);\\n  } | points.js:7:7:7:10 | dist | points.js:7:11:9:3 | () {\\n   ... y);\\n  } | points.js:1:1:18:1 | class P ... ;\\n  }\\n} |
| points.js:11:3:13:3 | toStrin ... )";\\n  } | points.js:11:3:11:10 | toString | points.js:11:11:13:3 | () {\\n   ... )";\\n  } | points.js:1:1:18:1 | class P ... ;\\n  }\\n} |
| points.js:15:3:17:3 | static  ... t";\\n  } | points.js:15:10:15:18 | className | points.js:15:19:17:3 | () {\\n   ... t";\\n  } | points.js:1:1:18:1 | class P ... ;\\n  }\\n} |
| points.js:21:3:24:3 | constru ...  c;\\n  } | points.js:21:3:21:13 | constructor | points.js:21:14:24:3 | (x, y,  ...  c;\\n  } | points.js:20:1:33:1 | class C ... ;\\n  }\\n} |
| points.js:26:3:28:3 | toStrin ... ur;\\n  } | points.js:26:3:26:10 | toString | points.js:26:11:28:3 | () {\\n   ... ur;\\n  } | points.js:20:1:33:1 | class C ... ;\\n  }\\n} |
| points.js:30:3:32:3 | static  ... t";\\n  } | points.js:30:10:30:18 | className | points.js:30:19:32:3 | () {\\n   ... t";\\n  } | points.js:20:1:33:1 | class C ... ;\\n  }\\n} |
| staticConstructor.js:1:15:1:14 | constructor() {} | staticConstructor.js:1:15:1:14 | constructor | staticConstructor.js:1:15:1:14 | () {} | staticConstructor.js:1:1:3:1 | class M ... r"; }\\n} |
| staticConstructor.js:2:3:2:59 | static  ... tor"; } | staticConstructor.js:2:10:2:20 | constructor | staticConstructor.js:2:21:2:59 | () { re ... tor"; } | staticConstructor.js:1:1:3:1 | class M ... r"; }\\n} |
| tst.js:2:3:2:50 | "constr ... r. */ } | tst.js:2:3:2:15 | "constructor" | tst.js:2:16:2:50 | () { /* ... r. */ } | tst.js:1:9:4:1 | class { ...  */ }\\n} |
| tst.js:3:3:3:56 | ["const ... r. */ } | tst.js:3:4:3:16 | "constructor" | tst.js:3:18:3:56 | () { /* ... r. */ } | tst.js:1:9:4:1 | class { ...  */ }\\n} |
| tst.js:7:3:7:38 | constru ... get); } | tst.js:7:3:7:13 | constructor | tst.js:7:14:7:38 | () { su ... get); } | tst.js:6:1:8:1 | class B ... t); }\\n} |
| tst.js:11:9:11:8 | constructor() {} | tst.js:11:9:11:8 | constructor | tst.js:11:9:11:8 | () {} | tst.js:11:1:14:1 | class C ... () {}\\n} |
| tst.js:12:3:12:8 | m() {} | tst.js:12:3:12:3 | m | tst.js:12:4:12:8 | () {} | tst.js:11:1:14:1 | class C ... () {}\\n} |
| tst.js:13:3:13:10 | [m]() {} | tst.js:13:4:13:4 | m | tst.js:13:6:13:10 | () {} | tst.js:11:1:14:1 | class C ... () {}\\n} |
test_getAMember
| fields.js:1:1:4:1 | class C ...  = 42\\n} | fields.js:1:9:1:8 | constructor() {} |
| fields.js:1:1:4:1 | class C ...  = 42\\n} | fields.js:2:3:2:4 | x; |
| fields.js:1:1:4:1 | class C ...  = 42\\n} | fields.js:3:3:3:8 | y = 42 |
| points.js:1:1:18:1 | class P ... ;\\n  }\\n} | points.js:2:3:5:3 | constru ...  y;\\n  } |
| points.js:1:1:18:1 | class P ... ;\\n  }\\n} | points.js:7:3:9:3 | get dis ... y);\\n  } |
| points.js:1:1:18:1 | class P ... ;\\n  }\\n} | points.js:11:3:13:3 | toStrin ... )";\\n  } |
| points.js:1:1:18:1 | class P ... ;\\n  }\\n} | points.js:15:3:17:3 | static  ... t";\\n  } |
| points.js:20:1:33:1 | class C ... ;\\n  }\\n} | points.js:21:3:24:3 | constru ...  c;\\n  } |
| points.js:20:1:33:1 | class C ... ;\\n  }\\n} | points.js:26:3:28:3 | toStrin ... ur;\\n  } |
| points.js:20:1:33:1 | class C ... ;\\n  }\\n} | points.js:30:3:32:3 | static  ... t";\\n  } |
| staticConstructor.js:1:1:3:1 | class M ... r"; }\\n} | staticConstructor.js:1:15:1:14 | constructor() {} |
| staticConstructor.js:1:1:3:1 | class M ... r"; }\\n} | staticConstructor.js:2:3:2:59 | static  ... tor"; } |
| tst.js:1:9:4:1 | class { ...  */ }\\n} | tst.js:2:3:2:50 | "constr ... r. */ } |
| tst.js:1:9:4:1 | class { ...  */ }\\n} | tst.js:3:3:3:56 | ["const ... r. */ } |
| tst.js:6:1:8:1 | class B ... t); }\\n} | tst.js:7:3:7:38 | constru ... get); } |
| tst.js:11:1:14:1 | class C ... () {}\\n} | tst.js:11:9:11:8 | constructor() {} |
| tst.js:11:1:14:1 | class C ... () {}\\n} | tst.js:12:3:12:8 | m() {} |
| tst.js:11:1:14:1 | class C ... () {}\\n} | tst.js:13:3:13:10 | [m]() {} |
test_MethodNames
| fields.js:1:9:1:8 | constructor() {} | constructor |
| points.js:2:3:5:3 | constru ...  y;\\n  } | constructor |
| points.js:7:3:9:3 | get dis ... y);\\n  } | dist |
| points.js:11:3:13:3 | toStrin ... )";\\n  } | toString |
| points.js:15:3:17:3 | static  ... t";\\n  } | className |
| points.js:21:3:24:3 | constru ...  c;\\n  } | constructor |
| points.js:26:3:28:3 | toStrin ... ur;\\n  } | toString |
| points.js:30:3:32:3 | static  ... t";\\n  } | className |
| staticConstructor.js:1:15:1:14 | constructor() {} | constructor |
| staticConstructor.js:2:3:2:59 | static  ... tor"; } | constructor |
| tst.js:2:3:2:50 | "constr ... r. */ } | constructor |
| tst.js:3:3:3:56 | ["const ... r. */ } | constructor |
| tst.js:7:3:7:38 | constru ... get); } | constructor |
| tst.js:11:9:11:8 | constructor() {} | constructor |
| tst.js:12:3:12:8 | m() {} | m |
test_NewTargetExpr
| tst.js:7:25:7:34 | new.target |
test_SuperExpr
| points.js:22:5:22:9 | super |
| points.js:27:12:27:16 | super |
| tst.js:7:19:7:23 | super |
test_SyntheticConstructors
| fields.js:1:9:1:8 | constructor() {} |
| staticConstructor.js:1:15:1:14 | constructor() {} |
| tst.js:11:9:11:8 | constructor() {} |
test_ConstructorDefinitions
| fields.js:1:9:1:8 | constructor() {} |
| points.js:2:3:5:3 | constru ...  y;\\n  } |
| points.js:21:3:24:3 | constru ...  c;\\n  } |
| staticConstructor.js:1:15:1:14 | constructor() {} |
| tst.js:2:3:2:50 | "constr ... r. */ } |
| tst.js:7:3:7:38 | constru ... get); } |
| tst.js:11:9:11:8 | constructor() {} |
test_ClassNodeConstructor
| fields.js:1:1:4:1 | class C ...  = 42\\n} | fields.js:1:9:1:8 | () {} |
| points.js:1:1:18:1 | class P ... ;\\n  }\\n} | points.js:2:14:5:3 | (x, y)  ...  y;\\n  } |
| points.js:20:1:33:1 | class C ... ;\\n  }\\n} | points.js:21:14:24:3 | (x, y,  ...  c;\\n  } |
| staticConstructor.js:1:1:3:1 | class M ... r"; }\\n} | staticConstructor.js:1:15:1:14 | () {} |
| tst.js:1:9:4:1 | class { ...  */ }\\n} | tst.js:2:16:2:50 | () { /* ... r. */ } |
| tst.js:6:1:8:1 | class B ... t); }\\n} | tst.js:7:14:7:38 | () { su ... get); } |
| tst.js:11:1:14:1 | class C ... () {}\\n} | tst.js:11:9:11:8 | () {} |
test_ClassNodeInstanceMethod
| points.js:1:1:18:1 | class P ... ;\\n  }\\n} | toString | points.js:11:11:13:3 | () {\\n   ... )";\\n  } |
| points.js:20:1:33:1 | class C ... ;\\n  }\\n} | toString | points.js:26:11:28:3 | () {\\n   ... ur;\\n  } |
| tst.js:1:9:4:1 | class { ...  */ }\\n} | constructor | tst.js:3:18:3:56 | () { /* ... r. */ } |
| tst.js:11:1:14:1 | class C ... () {}\\n} | m | tst.js:12:4:12:8 | () {} |
