| Test.java:43:30:43:34 | index | $@ flows to the index used in this array access, and may cause the operation to throw an ArrayIndexOutOfBoundsException. | Test.java:40:17:40:48 | nextInt(...) | Random value |
