| tst.ts:42:18:42:41 | Interfa ... Field'] | tst.ts:42:18:42:26 | Interface | tst.ts:42:28:42:40 | 'numberField' |
