| tst.ts:48:16:48:40 | [number ... oolean] | 0 | 3 | tst.ts:48:17:48:22 | number |
| tst.ts:48:16:48:40 | [number ... oolean] | 1 | 3 | tst.ts:48:25:48:30 | string |
| tst.ts:48:16:48:40 | [number ... oolean] | 2 | 3 | tst.ts:48:33:48:39 | boolean |
| tst.ts:95:31:95:35 | [S,T] | 0 | 2 | tst.ts:95:32:95:32 | S |
| tst.ts:95:31:95:35 | [S,T] | 1 | 2 | tst.ts:95:34:95:34 | T |
| tst.ts:133:31:133:55 | [number ... umber?] | 0 | 3 | tst.ts:133:32:133:37 | number |
| tst.ts:133:31:133:55 | [number ... umber?] | 1 | 3 | tst.ts:133:40:133:45 | string |
| tst.ts:133:31:133:55 | [number ... umber?] | 2 | 3 | tst.ts:133:48:133:54 | number? |
| tst.ts:135:27:135:47 | [number ... ring[]] | 0 | 2 | tst.ts:135:28:135:33 | number |
| tst.ts:135:27:135:47 | [number ... ring[]] | 1 | 2 | tst.ts:135:36:135:46 | ...string[] |
| tst.ts:136:39:136:68 | [number ... mber[]] | 0 | 3 | tst.ts:136:40:136:45 | number |
| tst.ts:136:39:136:68 | [number ... mber[]] | 1 | 3 | tst.ts:136:48:136:54 | string? |
| tst.ts:136:39:136:68 | [number ... mber[]] | 2 | 3 | tst.ts:136:57:136:67 | ...number[] |
