| tst.ts:65:18:65:24 | Generic | 1 | 0 | tst.ts:65:26:65:31 | number |
| tst.ts:66:18:66:32 | N.InnerGeneric1 | 1 | 0 | tst.ts:66:34:66:39 | number |
| tst.ts:67:18:67:34 | N.M.InnerGeneric2 | 1 | 0 | tst.ts:67:36:67:41 | number |
| tst.ts:68:18:68:24 | Generic | 1 | 0 | tst.ts:68:26:68:48 | N.Inner ... number> |
| tst.ts:68:26:68:40 | N.InnerGeneric1 | 1 | 0 | tst.ts:68:42:68:47 | number |
| tst.ts:69:18:69:29 | ManyTypeArgs | 3 | 0 | tst.ts:69:31:69:36 | number |
| tst.ts:69:18:69:29 | ManyTypeArgs | 3 | 1 | tst.ts:69:39:69:44 | string |
| tst.ts:69:18:69:29 | ManyTypeArgs | 3 | 2 | tst.ts:69:47:69:53 | boolean |
| tst.ts:80:41:80:47 | Generic | 1 | 0 | tst.ts:80:49:80:54 | Leaf[] |
| tst.ts:123:26:123:39 | import("type") | 1 | 0 | tst.ts:123:41:123:46 | string |
| tst.ts:125:55:125:57 | Foo | 1 | 0 | tst.ts:125:59:125:64 | string |
